../Core/Src/main.c:97:5:main	16	static
../Core/Src/main.c:177:6:SystemClock_Config	96	static
../Core/Src/main.c:239:13:MX_I2C2_Init	8	static
../Core/Src/main.c:279:13:MX_DFSDM1_Init	8	static
../Core/Src/main.c:317:13:MX_QUADSPI_Init	8	static
../Core/Src/main.c:350:13:MX_USART1_UART_Init	8	static
../Core/Src/main.c:385:13:MX_USART3_UART_Init	8	static
../Core/Src/main.c:420:13:MX_USB_OTG_FS_PCD_Init	8	static
../Core/Src/main.c:455:13:MX_GPIO_Init	40	static
../Core/Src/main.c:511:6:Error_Handler	4	static,ignoring_inline_asm
